---
source: crates/atopile_parser/tests/parser.rs
expression: output
---
(
    [
        Spanned(
            Import(
                ImportStmt {
                    from_path: Spanned(
                        "generics/interfaces.ato",
                        1..2,
                    ),
                    imports: [
                        Spanned(
                            "Power",
                            3..4,
                        ),
                        Spanned(
                            "I2C",
                            5..6,
                        ),
                        Spanned(
                            "SPI",
                            7..8,
                        ),
                        Spanned(
                            "GPIO",
                            9..10,
                        ),
                    ],
                },
            ),
            0..10,
        ),
        Spanned(
            Import(
                ImportStmt {
                    from_path: Spanned(
                        "generics/capacitors.ato",
                        12..13,
                    ),
                    imports: [
                        Spanned(
                            "Capacitor",
                            14..15,
                        ),
                    ],
                },
            ),
            11..15,
        ),
        Spanned(
            Import(
                ImportStmt {
                    from_path: Spanned(
                        "_BMA400/BMA400.ato",
                        17..18,
                    ),
                    imports: [
                        Spanned(
                            "BMA400",
                            19..20,
                        ),
                    ],
                },
            ),
            16..20,
        ),
        Spanned(
            Block(
                BlockStmt {
                    kind: Spanned(
                        Module,
                        22..23,
                    ),
                    name: Spanned(
                        "Bma400",
                        23..24,
                    ),
                    parent: None,
                    body: [
                        Spanned(
                            Comment(
                                CommentStmt {
                                    comment: Spanned(
                                        "Ultra-low power triaxial accelerometer driver module based on the BMA400 from Bosch.",
                                        27..28,
                                    ),
                                },
                            ),
                            27..28,
                        ),
                        Spanned(
                            Comment(
                                CommentStmt {
                                    comment: Spanned(
                                        "Features:",
                                        30..31,
                                    ),
                                },
                            ),
                            30..31,
                        ),
                        Spanned(
                            Comment(
                                CommentStmt {
                                    comment: Spanned(
                                        "- Ultra-low power consumption (14.5μA in normal mode, 850nA in low-power mode)",
                                        32..33,
                                    ),
                                },
                            ),
                            32..33,
                        ),
                        Spanned(
                            Comment(
                                CommentStmt {
                                    comment: Spanned(
                                        "- 12-bit digital resolution",
                                        34..35,
                                    ),
                                },
                            ),
                            34..35,
                        ),
                        Spanned(
                            Comment(
                                CommentStmt {
                                    comment: Spanned(
                                        "- Programmable measurement ranges: ±2g, ±4g, ±8g, ±16g",
                                        36..37,
                                    ),
                                },
                            ),
                            36..37,
                        ),
                        Spanned(
                            Comment(
                                CommentStmt {
                                    comment: Spanned(
                                        "- Built-in power management with auto wake-up/sleep capability",
                                        38..39,
                                    ),
                                },
                            ),
                            38..39,
                        ),
                        Spanned(
                            Comment(
                                CommentStmt {
                                    comment: Spanned(
                                        "- Integrated FIFO (1KB)",
                                        40..41,
                                    ),
                                },
                            ),
                            40..41,
                        ),
                        Spanned(
                            Comment(
                                CommentStmt {
                                    comment: Spanned(
                                        "- Smart interrupts including:",
                                        42..43,
                                    ),
                                },
                            ),
                            42..43,
                        ),
                        Spanned(
                            Comment(
                                CommentStmt {
                                    comment: Spanned(
                                        "- Activity/inactivity detection",
                                        44..45,
                                    ),
                                },
                            ),
                            44..45,
                        ),
                        Spanned(
                            Comment(
                                CommentStmt {
                                    comment: Spanned(
                                        "- Step counting with low power consumption (4μA)",
                                        46..47,
                                    ),
                                },
                            ),
                            46..47,
                        ),
                        Spanned(
                            Comment(
                                CommentStmt {
                                    comment: Spanned(
                                        "- Orientation detection",
                                        48..49,
                                    ),
                                },
                            ),
                            48..49,
                        ),
                        Spanned(
                            Comment(
                                CommentStmt {
                                    comment: Spanned(
                                        "- Tap/double-tap sensing",
                                        50..51,
                                    ),
                                },
                            ),
                            50..51,
                        ),
                        Spanned(
                            Comment(
                                CommentStmt {
                                    comment: Spanned(
                                        "- Digital interfaces: I2C or SPI",
                                        52..53,
                                    ),
                                },
                            ),
                            52..53,
                        ),
                        Spanned(
                            Comment(
                                CommentStmt {
                                    comment: Spanned(
                                        "- VDDIO voltage range: 1.2V to 3.6V",
                                        54..55,
                                    ),
                                },
                            ),
                            54..55,
                        ),
                        Spanned(
                            Comment(
                                CommentStmt {
                                    comment: Spanned(
                                        "- VDD voltage range: 1.7V to 3.6V",
                                        56..57,
                                    ),
                                },
                            ),
                            56..57,
                        ),
                        Spanned(
                            Comment(
                                CommentStmt {
                                    comment: Spanned(
                                        "Example Usage:",
                                        59..60,
                                    ),
                                },
                            ),
                            59..60,
                        ),
                        Spanned(
                            Comment(
                                CommentStmt {
                                    comment: Spanned(
                                        "```",
                                        61..62,
                                    ),
                                },
                            ),
                            61..62,
                        ),
                        Spanned(
                            Comment(
                                CommentStmt {
                                    comment: Spanned(
                                        "from 'generics/interfaces.ato' import Power, I2C, GPIO",
                                        63..64,
                                    ),
                                },
                            ),
                            63..64,
                        ),
                        Spanned(
                            Comment(
                                CommentStmt {
                                    comment: Spanned(
                                        "from 'bma400/bma400.ato' import Bma400, Bma400_I2C",
                                        65..66,
                                    ),
                                },
                            ),
                            65..66,
                        ),
                        Spanned(
                            Comment(
                                CommentStmt {
                                    comment: Spanned(
                                        "module UserBoard:",
                                        68..69,
                                    ),
                                },
                            ),
                            68..69,
                        ),
                        Spanned(
                            Comment(
                                CommentStmt {
                                    comment: Spanned(
                                        "'''User board with BMA400 accelerometer'''",
                                        70..71,
                                    ),
                                },
                            ),
                            70..71,
                        ),
                        Spanned(
                            Comment(
                                CommentStmt {
                                    comment: Spanned(
                                        "# Interfaces",
                                        73..74,
                                    ),
                                },
                            ),
                            73..74,
                        ),
                        Spanned(
                            Comment(
                                CommentStmt {
                                    comment: Spanned(
                                        "power_1v8 = new Power  # 1.8V power supply",
                                        75..76,
                                    ),
                                },
                            ),
                            75..76,
                        ),
                        Spanned(
                            Comment(
                                CommentStmt {
                                    comment: Spanned(
                                        "i2c = new I2C          # I2C bus",
                                        77..78,
                                    ),
                                },
                            ),
                            77..78,
                        ),
                        Spanned(
                            Comment(
                                CommentStmt {
                                    comment: Spanned(
                                        "int1 = new GPIO        # Interrupt 1 input",
                                        79..80,
                                    ),
                                },
                            ),
                            79..80,
                        ),
                        Spanned(
                            Comment(
                                CommentStmt {
                                    comment: Spanned(
                                        "# Accelerometer",
                                        82..83,
                                    ),
                                },
                            ),
                            82..83,
                        ),
                        Spanned(
                            Comment(
                                CommentStmt {
                                    comment: Spanned(
                                        "accel = new Bma400",
                                        84..85,
                                    ),
                                },
                            ),
                            84..85,
                        ),
                        Spanned(
                            Comment(
                                CommentStmt {
                                    comment: Spanned(
                                        "accel.ic -> Bma400_I2C  # Use I2C interface",
                                        86..87,
                                    ),
                                },
                            ),
                            86..87,
                        ),
                        Spanned(
                            Comment(
                                CommentStmt {
                                    comment: Spanned(
                                        "# Connections",
                                        89..90,
                                    ),
                                },
                            ),
                            89..90,
                        ),
                        Spanned(
                            Comment(
                                CommentStmt {
                                    comment: Spanned(
                                        "accel.power ~ power_1v8",
                                        91..92,
                                    ),
                                },
                            ),
                            91..92,
                        ),
                        Spanned(
                            Comment(
                                CommentStmt {
                                    comment: Spanned(
                                        "accel.i2c ~ i2c",
                                        93..94,
                                    ),
                                },
                            ),
                            93..94,
                        ),
                        Spanned(
                            Comment(
                                CommentStmt {
                                    comment: Spanned(
                                        "accel.int1 ~ int1",
                                        95..96,
                                    ),
                                },
                            ),
                            95..96,
                        ),
                        Spanned(
                            Comment(
                                CommentStmt {
                                    comment: Spanned(
                                        "```",
                                        97..98,
                                    ),
                                },
                            ),
                            97..98,
                        ),
                        Spanned(
                            Signal(
                                SignalStmt {
                                    name: Spanned(
                                        "gnd",
                                        102..103,
                                    ),
                                },
                            ),
                            101..103,
                        ),
                    ],
                },
            ),
            22..106,
        ),
    ],
    [],
)
